################################################################################
#                                                                              #
#      IAR Universal Linker V6.5.1.95                                          #
#                                                                              #
#           Link time     =  17/May/2019  12:52:32                             #
#           Target CPU    =  MSP430                                            #
#           List file     =  C:\Users\Q\Desktop\Mikro_Proje\ProjemButton\bluet #
#                            ooth\lcd\Debug\List\lcd.map                       #
#           Output file 1 =  C:\Users\Q\Desktop\Mikro_Proje\ProjemButton\bluet #
#                            ooth\lcd\Debug\Exe\lcd.d43                        #
#                            Format: ubrof10                                   #
#                            UBROF version 10.0.6                              #
#                            Using library modules for C-SPY (-rt)             #
#           Command line  =  -f C:\Users\Q\AppData\Local\Temp\EW3648.tmp       #
#                            (C:\Users\Q\Desktop\Mikro_Proje\ProjemButton\blue #
#                            tooth\lcd\Debug\Obj\lcdLib.r43                    #
#                            C:\Users\Q\Desktop\Mikro_Proje\ProjemButton\bluet #
#                            ooth\lcd\Debug\Obj\main.r43                       #
#                            -o                                                #
#                            C:\Users\Q\Desktop\Mikro_Proje\ProjemButton\bluet #
#                            ooth\lcd\Debug\Exe\lcd.d43                        #
#                            -l                                                #
#                            C:\Users\Q\Desktop\Mikro_Proje\ProjemButton\bluet #
#                            ooth\lcd\Debug\List\lcd.map                       #
#                            -xms                                              #
#                            "-IC:\Program Files (x86)\IAR Systems\Embedded Wo #
#                            rkbench 8.0\430\LIB\"                             #
#                            -f                                                #
#                            "C:\Program Files (x86)\IAR Systems\Embedded Work #
#                            bench 8.0\430\config\linker\lnk430g2553.xcl"      #
#                            (-cmsp430 -QCODE_I=CODE_ID -QTLS16_I=TLS16_ID     #
#                            -Z(CONST)INFO=1000-10FF                           #
#                            -Z(CONST)INFOA=10C0-10FF                          #
#                            -Z(CONST)INFOB=1080-10BF                          #
#                            -Z(CONST)INFOC=1040-107F                          #
#                            -Z(CONST)INFOD=1000-103F                          #
#                            -Z(DATA)DATA16_I,DATA16_Z,DATA16_N,TLS16_I=0200-0 #
#                            3FF                                               #
#                            -Z(DATA)DATA16_HEAP+_DATA16_HEAP_SIZE             #
#                            -Z(DATA)CODE_I -Z(DATA)CSTACK+_STACK_SIZE#        #
#                            -Z(CONST)DATA16_C,DATA16_ID,TLS16_ID,DIFUNCT,CHEC #
#                            KSUM=C000-FFDD                                    #
#                            -Z(CODE)CSTART,ISR_CODE,CODE_ID=C000-FFDD         #
#                            -P(CODE)CODE=C000-FFDD                            #
#                            -Z(CONST)SIGNATURE=FFDE-FFDF                      #
#                            -Z(CODE)INTVEC=FFE0-FFFF                          #
#                            -Z(CODE)RESET=FFFE-FFFF) -D_STACK_SIZE=50 -rt     #
#                            "C:\Program Files (x86)\IAR Systems\Embedded Work #
#                            bench 8.0\430\lib\dlib\dl430fn.r43"               #
#                            -e_PrintfLarge=_Printf -e_ScanfLarge=_Scanf       #
#                            -D_DATA16_HEAP_SIZE=50 -s __program_start         #
#                            -D_DATA20_HEAP_SIZE=50)                           #
#                                                                              #
#                           Copyright (C) 1987-2016 IAR Systems AB.            #
################################################################################





                ****************************************
                *                                      *
                *           CROSS REFERENCE            *
                *                                      *
                ****************************************

       Program entry at :           C054  Relocatable, from module : ?cstart




                ****************************************
                *                                      *
                *            RUNTIME MODEL             *
                *                                      *
                ****************************************

  __Heap_Handler             = Basic
  __SystemLibrary            = DLib
  __core                     = 430
  __dlib_file_descriptor     = 0
  __dlib_full_locale_support = 0
  __double_size              = 32
  __pic                      = no
  __reg_r4                   = free
  __reg_r5                   = free
  __rt_version               = 3

                ****************************************
                *                                      *
                *    AUTOMATIC SYMBOL REDIRECTIONS     *
                *                                      *
                ****************************************

                  There are no automatic symbol redirections.



                ****************************************
                *                                      *
                *              MODULE MAP              *
                *                                      *
                ****************************************


  DEFINED ABSOLUTE ENTRIES
    *************************************************************************

  DEFINED ABSOLUTE ENTRIES
  PROGRAM MODULE, NAME : ?ABS_ENTRY_MOD

Absolute parts
           ENTRY                   ADDRESS         REF BY
           =====                   =======         ======
           _DATA20_HEAP_SIZE       0050 
           _DATA16_HEAP_SIZE       0050 
           _STACK_SIZE             0050 
    *************************************************************************

  FILE NAME : C:\Users\Q\Desktop\Mikro_Proje\ProjemButton\bluetooth\lcd\Debug\Obj\lcdLib.r43
  PROGRAM MODULE, NAME : lcdLib

  SEGMENTS IN THE MODULE
  ======================
DATA16_AN
  Relative segment, address: 0029 - 0029 (0x1 bytes), align: 0
  Segment part 1. ROOT        Intra module refs:   lcdInit
                                                   lcdTriggerEN
                                                   lcdWriteCmd
                                                   lcdWriteData
           ENTRY                   ADDRESS         REF BY
           =====                   =======         ======
           P2OUT                   0029 
    -------------------------------------------------------------------------
DATA16_AN
  Relative segment, address: 002A - 002A (0x1 bytes), align: 0
  Segment part 2. ROOT        Intra module refs:   lcdInit
           ENTRY                   ADDRESS         REF BY
           =====                   =======         ======
           P2DIR                   002A 
    -------------------------------------------------------------------------
<CODE> 1 (was CODE)
  Relative segment, address: D3B0 - D41B (0x6c bytes), align: 1
  Segment part 7.
           ENTRY                   ADDRESS         REF BY
           =====                   =======         ======
           lcdInit                 D3B0            main (main)
               calls direct
    -------------------------------------------------------------------------
<CODE> 1 (was CODE)
  Relative segment, address: D946 - D953 (0xe bytes), align: 1
  Segment part 5.             Intra module refs:   lcdInit
                                                   lcdWriteCmd
                                                   lcdWriteData
           ENTRY                   ADDRESS         REF BY
           =====                   =======         ======
           lcdTriggerEN            D946 
    -------------------------------------------------------------------------
<CODE> 1 (was CODE)
  Relative segment, address: D59C - D5DF (0x44 bytes), align: 1
  Segment part 8.             Intra module refs:   lcdSetText
           ENTRY                   ADDRESS         REF BY
           =====                   =======         ======
           lcdWriteData            D59C 
               calls direct
    -------------------------------------------------------------------------
<CODE> 1 (was CODE)
  Relative segment, address: D558 - D59B (0x44 bytes), align: 1
  Segment part 6.             Intra module refs:   lcdClear
                                                   lcdInit
                                                   lcdSetText
           ENTRY                   ADDRESS         REF BY
           =====                   =======         ======
           lcdWriteCmd             D558 
               calls direct
    -------------------------------------------------------------------------
<CODE> 1 (was CODE)
  Relative segment, address: D41C - D471 (0x56 bytes), align: 1
  Segment part 9.
           ENTRY                   ADDRESS         REF BY
           =====                   =======         ======
           lcdSetText              D41C            main (main)
               calls direct
    -------------------------------------------------------------------------
<CODE> 1 (was CODE)
  Relative segment, address: D9A0 - D9A5 (0x6 bytes), align: 1
  Segment part 11.
           ENTRY                   ADDRESS         REF BY
           =====                   =======         ======
           lcdClear                D9A0            main (main)
               calls direct

    *************************************************************************

  FILE NAME : C:\Users\Q\Desktop\Mikro_Proje\ProjemButton\bluetooth\lcd\Debug\Obj\main.r43
  PROGRAM MODULE, NAME : main

  SEGMENTS IN THE MODULE
  ======================
DATA16_AN
  Relative segment, address: 0001 - 0001 (0x1 bytes), align: 0
  Segment part 1. ROOT        Intra module refs:   bluetooth_init
           ENTRY                   ADDRESS         REF BY
           =====                   =======         ======
           IE2                     0001 
    -------------------------------------------------------------------------
DATA16_AN
  Relative segment, address: 0056 - 0056 (0x1 bytes), align: 0
  Segment part 2. ROOT        Intra module refs:   main
           ENTRY                   ADDRESS         REF BY
           =====                   =======         ======
           DCOCTL                  0056 
    -------------------------------------------------------------------------
DATA16_AN
  Relative segment, address: 0057 - 0057 (0x1 bytes), align: 0
  Segment part 3. ROOT        Intra module refs:   main
           ENTRY                   ADDRESS         REF BY
           =====                   =======         ======
           BCSCTL1                 0057 
    -------------------------------------------------------------------------
DATA16_AN
  Relative segment, address: 0026 - 0026 (0x1 bytes), align: 0
  Segment part 4. ROOT        Intra module refs:   bluetooth_init
           ENTRY                   ADDRESS         REF BY
           =====                   =======         ======
           P1SEL                   0026 
    -------------------------------------------------------------------------
DATA16_AN
  Relative segment, address: 0041 - 0041 (0x1 bytes), align: 0
  Segment part 5. ROOT        Intra module refs:   bluetooth_init
           ENTRY                   ADDRESS         REF BY
           =====                   =======         ======
           P1SEL2                  0041 
    -------------------------------------------------------------------------
DATA16_AN
  Relative segment, address: 0061 - 0061 (0x1 bytes), align: 0
  Segment part 6. ROOT        Intra module refs:   bluetooth_init
           ENTRY                   ADDRESS         REF BY
           =====                   =======         ======
           UCA0CTL1                0061 
    -------------------------------------------------------------------------
DATA16_AN
  Relative segment, address: 0062 - 0062 (0x1 bytes), align: 0
  Segment part 7. ROOT        Intra module refs:   bluetooth_init
           ENTRY                   ADDRESS         REF BY
           =====                   =======         ======
           UCA0BR0                 0062 
    -------------------------------------------------------------------------
DATA16_AN
  Relative segment, address: 0063 - 0063 (0x1 bytes), align: 0
  Segment part 8. ROOT        Intra module refs:   bluetooth_init
           ENTRY                   ADDRESS         REF BY
           =====                   =======         ======
           UCA0BR1                 0063 
    -------------------------------------------------------------------------
DATA16_AN
  Relative segment, address: 0064 - 0064 (0x1 bytes), align: 0
  Segment part 9. ROOT        Intra module refs:   bluetooth_init
           ENTRY                   ADDRESS         REF BY
           =====                   =======         ======
           UCA0MCTL                0064 
    -------------------------------------------------------------------------
DATA16_AN
  Relative segment, address: 0065 - 0065 (0x1 bytes), align: 0
  Segment part 10. ROOT 
           ENTRY                   ADDRESS         REF BY
           =====                   =======         ======
           UCA0STAT                0065 
    -------------------------------------------------------------------------
DATA16_AN
  Relative segment, address: 0066 - 0066 (0x1 bytes), align: 0
  Segment part 11. ROOT       Intra module refs:   USCI0RX_ISR
           ENTRY                   ADDRESS         REF BY
           =====                   =======         ======
           UCA0RXBUF               0066 
    -------------------------------------------------------------------------
DATA16_AN
  Relative segment, address: 0067 - 0067 (0x1 bytes), align: 0
  Segment part 12. ROOT 
           ENTRY                   ADDRESS         REF BY
           =====                   =======         ======
           UCA0TXBUF               0067 
    -------------------------------------------------------------------------
DATA16_AN
  Relative segment, address: 0120 - 0121 (0x2 bytes), align: 0
  Segment part 13. ROOT       Intra module refs:   main
           ENTRY                   ADDRESS         REF BY
           =====                   =======         ======
           WDTCTL                  0120 
    -------------------------------------------------------------------------
DATA16_AN
  Relative segment, address: 10FE - 10FE (0x1 bytes), align: 0
  Segment part 14. ROOT       Intra module refs:   main
           ENTRY                   ADDRESS         REF BY
           =====                   =======         ======
           CALDCO_1MHZ             10FE 
    -------------------------------------------------------------------------
DATA16_AN
  Relative segment, address: 10FF - 10FF (0x1 bytes), align: 0
  Segment part 15. ROOT       Intra module refs:   main
           ENTRY                   ADDRESS         REF BY
           =====                   =======         ======
           CALBC1_1MHZ             10FF 
    -------------------------------------------------------------------------
DATA16_Z
  Relative segment, address: 0204 - 0235 (0x32 bytes), align: 0
  Segment part 22.            Intra module refs:   USCI0RX_ISR
                                                   _clear_rx_buffer
                                                   main
           ENTRY                   ADDRESS         REF BY
           =====                   =======         ======
           rx_buffer               0204 
    -------------------------------------------------------------------------
DATA16_Z
  Relative segment, address: 0236 - 0236 (0x1 bytes), align: 0
  Segment part 23.            Intra module refs:   USCI0RX_ISR
           ENTRY                   ADDRESS         REF BY
           =====                   =======         ======
           temp                    0236 
    -------------------------------------------------------------------------
DATA16_Z
  Relative segment, address: 0237 - 024A (0x14 bytes), align: 0
  Segment part 24.            Intra module refs:   main
           ENTRY                   ADDRESS         REF BY
           =====                   =======         ======
           first_line              0237 
    -------------------------------------------------------------------------
DATA16_Z
  Relative segment, address: 024B - 025E (0x14 bytes), align: 0
  Segment part 25.            Intra module refs:   main
           ENTRY                   ADDRESS         REF BY
           =====                   =======         ======
           second_line             024B 
    -------------------------------------------------------------------------
DATA16_Z
  Relative segment, address: 0200 - 0201 (0x2 bytes), align: 1
  Segment part 26.            Intra module refs:   USCI0RX_ISR
                                                   _clear_rx_buffer
           ENTRY                   ADDRESS         REF BY
           =====                   =======         ======
           count                   0200 
    -------------------------------------------------------------------------
DATA16_Z
  Relative segment, address: 0202 - 0203 (0x2 bytes), align: 1
  Segment part 27.            Intra module refs:   _clear_rx_buffer
           ENTRY                   ADDRESS         REF BY
           =====                   =======         ======
           i                       0202 
    -------------------------------------------------------------------------
<CODE> 1 (was CODE)
  Relative segment, address: D792 - D7BD (0x2c bytes), align: 1
  Segment part 28.            Intra module refs:   main
           ENTRY                   ADDRESS         REF BY
           =====                   =======         ======
           bluetooth_init          D792 
    -------------------------------------------------------------------------
<CODE> 1 (was CODE)
  Relative segment, address: CC88 - CEDD (0x256 bytes), align: 1
  Segment part 30.
           ENTRY                   ADDRESS         REF BY
           =====                   =======         ======
           main                    CC88            Segment part 19 (?cstart)
               calls direct
    -------------------------------------------------------------------------
<CODE> 1 (was CODE)
  Relative segment, address: D764 - D791 (0x2e bytes), align: 1
  Segment part 31.            Intra module refs:   USCI0RX_ISR::??INTVEC 14
           ENTRY                   ADDRESS         REF BY
           =====                   =======         ======
           USCI0RX_ISR             D764 
               interrupt function
               calls direct
    -------------------------------------------------------------------------
<CODE> 1 (was CODE)
  Relative segment, address: D80E - D82D (0x20 bytes), align: 1
  Segment part 29.            Intra module refs:   USCI0RX_ISR
                                                   main
           ENTRY                   ADDRESS         REF BY
           =====                   =======         ======
           _clear_rx_buffer        D80E 
    -------------------------------------------------------------------------
INTVEC
  Common segment, address: FFE0 - FFEF (0x10 bytes), align: 1
  Segment part 16. ROOT 
           ENTRY                   ADDRESS         REF BY
           =====                   =======         ======
           USCI0RX_ISR::??INTVEC 14
                                   FFEE 
    -------------------------------------------------------------------------
DATA16_C
  Relative segment, address: C000 - C00F (0x10 bytes), align: 0
  Segment part 18.            Intra module refs:   main
    -------------------------------------------------------------------------
DATA16_C
  Relative segment, address: C010 - C01D (0xe bytes), align: 0
  Segment part 19.            Intra module refs:   main
    -------------------------------------------------------------------------
DATA16_C
  Relative segment, address: C01E - C02D (0x10 bytes), align: 0
  Segment part 20.            Intra module refs:   main
    -------------------------------------------------------------------------
DATA16_C
  Relative segment, address: C02E - C03A (0xd bytes), align: 0
  Segment part 21.            Intra module refs:   main

    *************************************************************************

  FILE NAME : C:\Program Files (x86)\IAR Systems\Embedded Workbench 8.0\430\lib\dlib\dl430fn.r43
  LIBRARY MODULE, NAME : ?__dbg_break

  SEGMENTS IN THE MODULE
  ======================
<CODE> 1 (was CODE)
  Relative segment, address: D9AE - D9AF (0x2 bytes), align: 1
  Segment part 2.
           ENTRY                   ADDRESS         REF BY
           =====                   =======         ======
           __DebugBreak            D9AE            __exit (?__exit)

    -------------------------------------------------------------------------
  LIBRARY MODULE, NAME : ?__exit

  SEGMENTS IN THE MODULE
  ======================
<CODE> 1 (was CODE)
  Relative segment, address: D908 - D919 (0x12 bytes), align: 1
  Segment part 2.
           ENTRY                   ADDRESS         REF BY
           =====                   =======         ======
           __exit                  D908            Segment part 6 (?_exit)
                                                   _exit (?_exit)
               calls direct

    -------------------------------------------------------------------------
  LIBRARY MODULE, NAME : ?_exit

  SEGMENTS IN THE MODULE
  ======================
<CODE> 1 (was CODE)
  Relative segment, address: D9AA, align: 1
  Segment part 0.
           ENTRY                   ADDRESS         REF BY
           =====                   =======         ======
           _exit                   D9AA            exit (?exit)
    -------------------------------------------------------------------------
<CODE> 1 (was CODE)
  Relative segment, address: D9AA - D9AD (0x4 bytes), align: 1
  Segment part 6.             Intra module refs:   _exit

    -------------------------------------------------------------------------
  LIBRARY MODULE, NAME : ?cstart

  SEGMENTS IN THE MODULE
  ======================
CSTACK
  Relative segment, address: 03B0, align: 1
  Segment part 1.
    -------------------------------------------------------------------------
DATA16_Z
  Relative segment, address: 0204, align: 1
  Segment part 2.
    -------------------------------------------------------------------------
CSTART
  Relative segment, address: C054 - C057 (0x4 bytes), align: 1
  Segment part 9.
           ENTRY                   ADDRESS         REF BY
           =====                   =======         ======
           __program_start         C054            ?reset_vector (?reset_vector)
                                                   Absolute parts (?ABS_ENTRY_MOD)
           ?cstart_begin           C054 
    -------------------------------------------------------------------------
CSTART
  Relative segment, address: C058 - C063 (0xc bytes), align: 1
  Segment part 14.
           ENTRY                   ADDRESS         REF BY
           =====                   =======         ======
           ?cstart_init_zero       C058            count (main)
                                                   first_line (main)
                                                   i (main)
                                                   rx_buffer (main)
                                                   second_line (main)
                                                   temp (main)
    -------------------------------------------------------------------------
CSTART
  Relative segment, address: C064 - C06B (0x8 bytes), align: 1
  Segment part 19.            Intra module refs:   Segment part 9
           ENTRY                   ADDRESS         REF BY
           =====                   =======         ======
           ?cstart_call_main       C064 
           ?cstart_end             C06C 

    -------------------------------------------------------------------------
  LIBRARY MODULE, NAME : ?reset_vector

  SEGMENTS IN THE MODULE
  ======================
RESET
  Relative segment, address: FFFE - FFFF (0x2 bytes), align: 1
  Segment part 0.
           ENTRY                   ADDRESS         REF BY
           =====                   =======         ======
           ?reset_vector           FFFE            Segment part 9 (?cstart)

    -------------------------------------------------------------------------
  LIBRARY MODULE, NAME : ?div64i

  SEGMENTS IN THE MODULE
  ======================
<CODE> 1 (was CODE)
  Relative segment, address: D282 - D331 (0xb0 bytes), align: 1
  Segment part 2.
           ENTRY                   ADDRESS         REF BY
           =====                   =======         ======
           _Div64u                 D282            _LitobLarge (?xprintflarge)
    -------------------------------------------------------------------------
<CODE> 1 (was CODE)
  Relative segment, address: D82E - D847 (0x1a bytes), align: 1
  Segment part 4.             Intra module refs:   _Div64u

    -------------------------------------------------------------------------
  LIBRARY MODULE, NAME : ?div

  SEGMENTS IN THE MODULE
  ======================
<CODE> 1 (was CODE)
  Relative segment, address: D894 - D8A9 (0x16 bytes), align: 1
  Segment part 0.
           ENTRY                   ADDRESS         REF BY
           =====                   =======         ======
           div                     D894            _GenldLarge (?xprintflarge)

    -------------------------------------------------------------------------
  LIBRARY MODULE, NAME : ?Epilogue

  SEGMENTS IN THE MODULE
  ======================
<CODE> 1 (was CODE)
  Relative segment, address: D938 - D939 (0x2 bytes), align: 1
  Segment part 2.
           ENTRY                   ADDRESS         REF BY
           =====                   =======         ======
           ?Epilogue6              D938            _GenldLarge (?xprintflarge)
                                                   _LdtobLarge (?xprintflarge)
                                                   _LitobLarge (?xprintflarge)
                                                   _PrintfLarge (?xprintflarge)
    -------------------------------------------------------------------------
<CODE> 1 (was CODE)
  Relative segment, address: D93A - D93B (0x2 bytes), align: 1
  Segment part 3.             Intra module refs:   ?Epilogue6
           ENTRY                   ADDRESS         REF BY
           =====                   =======         ======
           ?Epilogue5              D93A 
    -------------------------------------------------------------------------
<CODE> 1 (was CODE)
  Relative segment, address: D93C - D93D (0x2 bytes), align: 1
  Segment part 4.             Intra module refs:   ?Epilogue5
           ENTRY                   ADDRESS         REF BY
           =====                   =======         ======
           ?Epilogue4              D93C            _PutcharsLarge (?xprintflarge)
                                                   pad (?xprintflarge)
    -------------------------------------------------------------------------
<CODE> 1 (was CODE)
  Relative segment, address: D93E - D945 (0x8 bytes), align: 1
  Segment part 5.             Intra module refs:   ?Epilogue4
           ENTRY                   ADDRESS         REF BY
           =====                   =======         ======
           ?Epilogue3              D93E 

    -------------------------------------------------------------------------
  LIBRARY MODULE, NAME : ?exit

  SEGMENTS IN THE MODULE
  ======================
<CODE> 1 (was CODE)
  Relative segment, address: D9A6 - D9A9 (0x4 bytes), align: 1
  Segment part 2.
           ENTRY                   ADDRESS         REF BY
           =====                   =======         ======
           exit                    D9A6            Segment part 19 (?cstart)
               calls direct

    -------------------------------------------------------------------------
  LIBRARY MODULE, NAME : ?Cast32f32i

  SEGMENTS IN THE MODULE
  ======================
<CODE> 1 (was CODE)
  Relative segment, address: D332 - D3AF (0x7e bytes), align: 1
  Segment part 1.
           ENTRY                   ADDRESS         REF BY
           =====                   =======         ======
           _Cast32uto32f           D332            _LdtobLarge (?xprintflarge)

    -------------------------------------------------------------------------
  LIBRARY MODULE, NAME : _Cast32fto32u

  SEGMENTS IN THE MODULE
  ======================
<CODE> 1 (was CODE)
  Relative segment, address: D970 - D97B (0xc bytes), align: 1
  Segment part 0.
           ENTRY                   ADDRESS         REF BY
           =====                   =======         ======
           _Cast32fto32u           D970            _LdtobLarge (?xprintflarge)

    -------------------------------------------------------------------------
  LIBRARY MODULE, NAME : ?FLT_Extract

  SEGMENTS IN THE MODULE
  ======================
<CODE> 1 (was CODE)
  Relative segment, address: D4C4 - D50F (0x4c bytes), align: 1
  Segment part 0.
           ENTRY                   ADDRESS         REF BY
           =====                   =======         ======
           ?FLT_Extract            D4C4            _Cast32fto32u (_Cast32fto32u)

    -------------------------------------------------------------------------
  LIBRARY MODULE, NAME : ?FLT_LT

  SEGMENTS IN THE MODULE
  ======================
<CODE> 1 (was CODE)
  Relative segment, address: D472 - D4C3 (0x52 bytes), align: 1
  Segment part 0.
           ENTRY                   ADDRESS         REF BY
           =====                   =======         ======
           ?FLT_LT                 D472            _LdtobLarge (?xprintflarge)

    -------------------------------------------------------------------------
  LIBRARY MODULE, NAME : _Mul32f

  SEGMENTS IN THE MODULE
  ======================
<CODE> 1 (was CODE)
  Relative segment, address: D172 - D281 (0x110 bytes), align: 1
  Segment part 0.
           ENTRY                   ADDRESS         REF BY
           =====                   =======         ======
           _Mul32f                 D172            _LdtobLarge (?xprintflarge)
                                                   scale (?xprintflarge)

    -------------------------------------------------------------------------
  LIBRARY MODULE, NAME : _Div32f

  SEGMENTS IN THE MODULE
  ======================
<CODE> 1 (was CODE)
  Relative segment, address: D042 - D171 (0x130 bytes), align: 1
  Segment part 0.
           ENTRY                   ADDRESS         REF BY
           =====                   =======         ======
           _Div32f                 D042            _LdtobLarge (?xprintflarge)

    -------------------------------------------------------------------------
  LIBRARY MODULE, NAME : _Add32f

  SEGMENTS IN THE MODULE
  ======================
<CODE> 1 (was CODE)
  Relative segment, address: CEDE - CEE1 (0x4 bytes), align: 1
  Segment part 0.
           ENTRY                   ADDRESS         REF BY
           =====                   =======         ======
           _Sub32f                 CEDE            _LdtobLarge (?xprintflarge)
    -------------------------------------------------------------------------
<CODE> 1 (was CODE)
  Relative segment, address: CEE2 - D041 (0x160 bytes), align: 1
  Segment part 1.             Intra module refs:   _Sub32f
           ENTRY                   ADDRESS         REF BY
           =====                   =======         ======
           _Add32f                 CEE2 

    -------------------------------------------------------------------------
  LIBRARY MODULE, NAME : ?Mul816

  SEGMENTS IN THE MODULE
  ======================
<CODE> 1 (was CODE)
  Relative segment, address: D702 - D705 (0x4 bytes), align: 1
  Segment part 0.
           ENTRY                   ADDRESS         REF BY
           =====                   =======         ======
           ?Mul8                   D702            _LitobLarge (?xprintflarge)
    -------------------------------------------------------------------------
<CODE> 1 (was CODE)
  Relative segment, address: D706 - D733 (0x2e bytes), align: 1
  Segment part 1.             Intra module refs:   ?Mul8
           ENTRY                   ADDRESS         REF BY
           =====                   =======         ======
           ?Mul16                  D706 
           ?Mul16to32u             D706            ?Mul16to32s (?Mul16to32s)

    -------------------------------------------------------------------------
  LIBRARY MODULE, NAME : ?Mul16to32s

  SEGMENTS IN THE MODULE
  ======================
<CODE> 1 (was CODE)
  Relative segment, address: D862 - D87B (0x1a bytes), align: 1
  Segment part 0.
           ENTRY                   ADDRESS         REF BY
           =====                   =======         ======
           ?Mul16to32s             D862            _LdtobLarge (?xprintflarge)

    -------------------------------------------------------------------------
  LIBRARY MODULE, NAME : ?DivMod816u

  SEGMENTS IN THE MODULE
  ======================
<CODE> 1 (was CODE)
  Relative segment, address: D87C - D893 (0x18 bytes), align: 1
  Segment part 1.
           ENTRY                   ADDRESS         REF BY
           =====                   =======         ======
           ?DivMod16u              D87C            ?DivMod16s (?DivMod816s)

    -------------------------------------------------------------------------
  LIBRARY MODULE, NAME : ?DivMod816s

  SEGMENTS IN THE MODULE
  ======================
<CODE> 1 (was CODE)
  Relative segment, address: D734 - D763 (0x30 bytes), align: 1
  Segment part 1.
           ENTRY                   ADDRESS         REF BY
           =====                   =======         ======
           ?DivMod16s              D734            div (?div)

    -------------------------------------------------------------------------
  LIBRARY MODULE, NAME : ?DivMod32u

  SEGMENTS IN THE MODULE
  ======================
<CODE> 1 (was CODE)
  Relative segment, address: D65E - D695 (0x38 bytes), align: 1
  Segment part 0.
           ENTRY                   ADDRESS         REF BY
           =====                   =======         ======
           ?DivMod32u              D65E            ?DivMod32s (?DivMod32s)
                                                   _LdtobLarge (?xprintflarge)

    -------------------------------------------------------------------------
  LIBRARY MODULE, NAME : ?DivMod32s

  SEGMENTS IN THE MODULE
  ======================
<CODE> 1 (was CODE)
  Relative segment, address: D5E0 - D61F (0x40 bytes), align: 1
  Segment part 0.
           ENTRY                   ADDRESS         REF BY
           =====                   =======         ======
           ?DivMod32s              D5E0            _LdtobLarge (?xprintflarge)

    -------------------------------------------------------------------------
  LIBRARY MODULE, NAME : ?ShiftRight16u_n

  SEGMENTS IN THE MODULE
  ======================
<CODE> 1 (was CODE)
  Relative segment, address: D848 - D84B (0x4 bytes), align: 1
  Segment part 0.
           ENTRY                   ADDRESS         REF BY
           =====                   =======         ======
           ?ShiftRight16u_7        D848            __iar_Dunscale (?xdunscal)
    -------------------------------------------------------------------------
<CODE> 1 (was CODE)
  Relative segment, address: D84C - D84F (0x4 bytes), align: 1
  Segment part 1.             Intra module refs:   ?ShiftRight16u_7
           ENTRY                   ADDRESS         REF BY
           =====                   =======         ======
           ?ShiftRight16u_6        D84C 
    -------------------------------------------------------------------------
<CODE> 1 (was CODE)
  Relative segment, address: D850 - D853 (0x4 bytes), align: 1
  Segment part 2.             Intra module refs:   ?ShiftRight16u_6
           ENTRY                   ADDRESS         REF BY
           =====                   =======         ======
           ?ShiftRight16u_5        D850 
    -------------------------------------------------------------------------
<CODE> 1 (was CODE)
  Relative segment, address: D854 - D857 (0x4 bytes), align: 1
  Segment part 3.             Intra module refs:   ?ShiftRight16u_5
           ENTRY                   ADDRESS         REF BY
           =====                   =======         ======
           ?ShiftRight16u_4        D854 
    -------------------------------------------------------------------------
<CODE> 1 (was CODE)
  Relative segment, address: D858 - D861 (0xa bytes), align: 1
  Segment part 4.             Intra module refs:   ?ShiftRight16u_4
           ENTRY                   ADDRESS         REF BY
           =====                   =======         ======
           ?ShiftRight16u_3        D858 

    -------------------------------------------------------------------------
  LIBRARY MODULE, NAME : ?memchr

  SEGMENTS IN THE MODULE
  ======================
<CODE> 1 (was CODE)
  Relative segment, address: D8AA - D8BD (0x14 bytes), align: 1
  Segment part 2.
           ENTRY                   ADDRESS         REF BY
           =====                   =======         ======
           __iar_Memchr            D8AA            _PrintfLarge (?xprintflarge)

    -------------------------------------------------------------------------
  LIBRARY MODULE, NAME : ?memcpy

  SEGMENTS IN THE MODULE
  ======================
<CODE> 1 (was CODE)
  Relative segment, address: D8E4 - D8F5 (0x12 bytes), align: 1
  Segment part 2.
           ENTRY                   ADDRESS         REF BY
           =====                   =======         ======
           memcpy                  D8E4            Segment part 11 (?xprintflarge)
                                                   _GenldLarge (?xprintflarge)
                                                   _LdtobLarge (?xprintflarge)

    -------------------------------------------------------------------------
  LIBRARY MODULE, NAME : ?memzero

  SEGMENTS IN THE MODULE
  ======================
<CODE> 1 (was CODE)
  Relative segment, address: D91A - D929 (0x10 bytes), align: 1
  Segment part 2.
           ENTRY                   ADDRESS         REF BY
           =====                   =======         ======
           __data16_memzero        D91A            ?cstart_init_zero (?cstart)

    -------------------------------------------------------------------------
  LIBRARY MODULE, NAME : ?sprintf

  SEGMENTS IN THE MODULE
  ======================
<CODE> 1 (was CODE)
  Relative segment, address: D6CC - D701 (0x36 bytes), align: 1
  Segment part 2.
           ENTRY                   ADDRESS         REF BY
           =====                   =======         ======
           sprintf                 D6CC            main (main)
               calls direct

    -------------------------------------------------------------------------
  LIBRARY MODULE, NAME : ?strchr

  SEGMENTS IN THE MODULE
  ======================
<CODE> 1 (was CODE)
  Relative segment, address: D954 - D961 (0xe bytes), align: 1
  Segment part 2.
           ENTRY                   ADDRESS         REF BY
           =====                   =======         ======
           __iar_Strchr            D954            _PrintfLarge (?xprintflarge)

    -------------------------------------------------------------------------
  LIBRARY MODULE, NAME : ?strlen

  SEGMENTS IN THE MODULE
  ======================
<CODE> 1 (was CODE)
  Relative segment, address: D8F6 - D907 (0x12 bytes), align: 1
  Segment part 2.
           ENTRY                   ADDRESS         REF BY
           =====                   =======         ======
           strlen                  D8F6            _PrintfLarge (?xprintflarge)

    -------------------------------------------------------------------------
  LIBRARY MODULE, NAME : ?xdunscal

  SEGMENTS IN THE MODULE
  ======================
<CODE> 1 (was CODE)
  Relative segment, address: D510 - D557 (0x48 bytes), align: 1
  Segment part 2.
           ENTRY                   ADDRESS         REF BY
           =====                   =======         ======
           __iar_Dunscale          D510            _LdtobLarge (?xprintflarge)
               calls direct

    -------------------------------------------------------------------------
  LIBRARY MODULE, NAME : ?xprintflarge

  SEGMENTS IN THE MODULE
  ======================
<CODE> 1 (was CODE)
  Relative segment, address: C7F8 - CC87 (0x490 bytes), align: 1
  Segment part 18.
           ENTRY                   ADDRESS         REF BY
           =====                   =======         ======
           _PrintfLarge            C7F8            sprintf (?sprintf)
               calls direct
    -------------------------------------------------------------------------
<CODE> 1 (was CODE)
  Relative segment, address: D97C - D987 (0xc bytes), align: 1
  Segment part 20.            Intra module refs:   _PrintfLarge
    -------------------------------------------------------------------------
<CODE> 1 (was CODE)
  Relative segment, address: D988 - D993 (0xc bytes), align: 1
  Segment part 22.            Intra module refs:   _PrintfLarge
    -------------------------------------------------------------------------
<CODE> 1 (was CODE)
  Relative segment, address: D8BE - D8D1 (0x14 bytes), align: 1
  Segment part 25.            Intra module refs:   _PrintfLarge
    -------------------------------------------------------------------------
<CODE> 1 (was CODE)
  Relative segment, address: C06C - C0EB (0x80 bytes), align: 1
  Segment part 8.             Intra module refs:   _PrintfLarge
           LOCAL                   ADDRESS         
           =====                   =======         
           LoadInt                 C06C 
    -------------------------------------------------------------------------
<CODE> 1 (was CODE)
  Relative segment, address: C0EC - C0F9 (0xe bytes), align: 1
  Segment part 9.             Intra module refs:   LoadInt
    -------------------------------------------------------------------------
<CODE> 1 (was CODE)
  Relative segment, address: C0FA - C359 (0x260 bytes), align: 1
  Segment part 10.            Intra module refs:   _LdtobLarge
           LOCAL                   ADDRESS         
           =====                   =======         
           _GenldLarge             C0FA 
               calls direct
    -------------------------------------------------------------------------
<CODE> 1 (was CODE)
  Relative segment, address: C35A - C369 (0x10 bytes), align: 1
  Segment part 11.            Intra module refs:   _GenldLarge
    -------------------------------------------------------------------------
<CODE> 1 (was CODE)
  Relative segment, address: C36A - C387 (0x1e bytes), align: 1
  Segment part 12.            Intra module refs:   _GenldLarge
    -------------------------------------------------------------------------
<CODE> 1 (was CODE)
  Relative segment, address: C388 - C3D9 (0x52 bytes), align: 1
  Segment part 13.            Intra module refs:   _LdtobLarge
           LOCAL                   ADDRESS         
           =====                   =======         
           scale                   C388 
               calls direct
    -------------------------------------------------------------------------
<CODE> 1 (was CODE)
  Relative segment, address: C3DA - C62B (0x252 bytes), align: 1
  Segment part 14.            Intra module refs:   _PrintfLarge
           LOCAL                   ADDRESS         
           =====                   =======         
           _LdtobLarge             C3DA 
               calls direct
    -------------------------------------------------------------------------
<CODE> 1 (was CODE)
  Relative segment, address: C62C - C7DB (0x1b0 bytes), align: 1
  Segment part 15.            Intra module refs:   _PrintfLarge
           LOCAL                   ADDRESS         
           =====                   =======         
           _LitobLarge             C62C 
               calls direct
    -------------------------------------------------------------------------
<CODE> 1 (was CODE)
  Relative segment, address: C7DC - C7ED (0x12 bytes), align: 1
  Segment part 16.            Intra module refs:   _LitobLarge
    -------------------------------------------------------------------------
<CODE> 1 (was CODE)
  Relative segment, address: C7EE - C7F7 (0xa bytes), align: 1
  Segment part 17.            Intra module refs:   LoadInt
                                                   _LitobLarge
                                                   _PrintfLarge
    -------------------------------------------------------------------------
<CODE> 1 (was CODE)
  Relative segment, address: D696 - D6CB (0x36 bytes), align: 1
  Segment part 26.            Intra module refs:   Segment part 22
           LOCAL                   ADDRESS         
           =====                   =======         
           pad                     D696 
               calls direct
    -------------------------------------------------------------------------
<CODE> 1 (was CODE)
  Relative segment, address: D7EA - D80D (0x24 bytes), align: 1
  Segment part 27.            Intra module refs:   _PrintfLarge
                                                   _PutcharsLarge
           LOCAL                   ADDRESS         
           =====                   =======         
           _PutcharLarge           D7EA 
               calls indirect
    -------------------------------------------------------------------------
<CODE> 1 (was CODE)
  Relative segment, address: D7BE - D7E9 (0x2c bytes), align: 1
  Segment part 28.            Intra module refs:   Segment part 20
                                                   pad
           LOCAL                   ADDRESS         
           =====                   =======         
           _PutcharsLarge          D7BE 
               calls direct
    -------------------------------------------------------------------------
<CODE> 1 (was CODE)
  Relative segment, address: D962 - D96F (0xe bytes), align: 1
  Segment part 19.            Intra module refs:   _PrintfLarge
    -------------------------------------------------------------------------
<CODE> 1 (was CODE)
  Relative segment, address: D92A - D937 (0xe bytes), align: 1
  Segment part 21.            Intra module refs:   _PrintfLarge
    -------------------------------------------------------------------------
<CODE> 1 (was CODE)
  Relative segment, address: D8D2 - D8E3 (0x12 bytes), align: 1
  Segment part 23.            Intra module refs:   _PrintfLarge
    -------------------------------------------------------------------------
<CODE> 1 (was CODE)
  Relative segment, address: D620 - D65D (0x3e bytes), align: 1
  Segment part 24.            Intra module refs:   _PrintfLarge
    -------------------------------------------------------------------------
DATA16_C
  Relative segment, address: C03B - C041 (0x7 bytes), align: 0
  Segment part 2.             Intra module refs:   _PrintfLarge
    -------------------------------------------------------------------------
DATA16_C
  Relative segment, address: C042 - C045 (0x4 bytes), align: 0
  Segment part 3.             Intra module refs:   _LdtobLarge
    -------------------------------------------------------------------------
DATA16_C
  Relative segment, address: C046 - C049 (0x4 bytes), align: 0
  Segment part 4.             Intra module refs:   _LdtobLarge
    -------------------------------------------------------------------------
DATA16_C
  Relative segment, address: C04A - C04D (0x4 bytes), align: 0
  Segment part 5.             Intra module refs:   _LdtobLarge
    -------------------------------------------------------------------------
DATA16_C
  Relative segment, address: C04E - C051 (0x4 bytes), align: 0
  Segment part 6.             Intra module refs:   _LdtobLarge
    -------------------------------------------------------------------------
DATA16_C
  Relative segment, address: C052 - C053 (0x2 bytes), align: 0
  Segment part 7.             Intra module refs:   _GenldLarge

    -------------------------------------------------------------------------
  LIBRARY MODULE, NAME : ?xsprout

  SEGMENTS IN THE MODULE
  ======================
<CODE> 1 (was CODE)
  Relative segment, address: D994 - D99F (0xc bytes), align: 1
  Segment part 2.
           ENTRY                   ADDRESS         REF BY
           =====                   =======         ======
           _SProut                 D994            sprintf (?sprintf)




                ****************************************
                *                                      *
                *      SEGMENTS IN ADDRESS ORDER       *
                *                                      *
                ****************************************


SEGMENT              SPACE    START ADDRESS   END ADDRESS     SIZE  TYPE  ALIGN
=======              =====    =============   ===========     ====  ====  =====
DATA16_AN                              0001 - 0001               1   rel    0
                                       0026 - 0026               1 
                                       0029 - 002A               2 
                                       0041 - 0041               1 
                                       0056 - 0057               2 
                                       0061 - 0067               7 
                                       0120 - 0121               2 
DATA16_I                                  0200                       dse    0
DATA16_Z                               0200 - 025E              5F   rel    1
CSTACK                                 03B0 - 03FF              50   rel    1
DATA16_AN                              10FE - 10FF               2   rel    0
DATA16_C                               C000 - C053              54   rel    0
CSTART                                 C054 - C06B              18   rel    1
<CODE> 1                               C06C - D9AF            1944   rel    1
INTVEC                                 FFE0 - FFEF              10   com    1
RESET                                  FFFE - FFFF               2   rel    1

                ****************************************
                *                                      *
                *        END OF CROSS REFERENCE        *
                *                                      *
                ****************************************

 6 510 bytes of CODE  memory
   175 bytes of DATA  memory (+ 18 absolute )
    84 bytes of CONST memory

Errors: none
Warnings: none

